== git HEAD: fe357564a6625d3b1732a022fd39f18e55696e80
== python: Python 3.9.25
scikit-learn 1.6.1 | scanpy 1.10.3 | numpy 2.0.2 | pandas 2.3.3
model cell_types 98 | model features 6639

                    oooo  oooo      .                           o8o               .
                     888   888    .o8                           `"'             .o8
 .ooooo.   .ooooo.   888   888  .o888oo oooo    ooo oo.ooooo.  oooo   .oooo.o .o888oo
d88'  "Y8 d88   88b  888   888    888     88.  .8    888   88b  888  d88(  "8   888
888       888ooo888  888   888    888      88..8     888   888  888  `"Y88b.    888
888   .o8 888    .o  888   888    888 .    `888'     888   888  888  o.  )88b   888 .
 Y8bod8P  `Y8bod8P' o888o o888o   "888"     .8'      888bod8P' o888o 8""888P'   "888"
                                        .o..P'       888
                                        `Y8P'       o888o             @Teichmann lab
⚙️ Configuration:
	🛠️ indata: /work/data/celltypist/demo_2000_cells.h5ad
	🛠️ model: /work/data/celltypist/Immune_All_Low.pkl
	🛠️ transpose-input: False
	🛠️ gene-file: None
	🛠️ cell-file: None
	🛠️ mode: best_match
	🛠️ p-thres: 0.5
	🛠️ majority-voting: False
	🛠️ outdir: /work/out/
	🛠️ prefix: 
	🛠️ xlsx: False
	🛠️ plot-results: False
	🛠️ quiet: False
📁 Input file is '/work/data/celltypist/demo_2000_cells.h5ad'
⏳ Loading data
🔬 Input data has 2000 cells and 18950 genes
🔗 Matching reference genes in the model
🧬 5645 features used for prediction
⚖️ Scaling input data
🖋️ Predicting labels
✅ Prediction done!
== files written to /work/out:
total 8048
-rw-r--r-- 1 root root    1439 Sep  6 22:50 annotate.log
-rwxrwxrwx 1 root root 3813844 Sep  6 22:50 decision_matrix.csv
-rwxrwxrwx 1 root root   47433 Sep  6 22:50 predicted_labels.csv
-rwxrwxrwx 1 root root 4369666 Sep  6 22:50 probability_matrix.csv
-rw-r--r-- 1 root root     100 Sep  6 22:18 results.csv
== extract_results.py (repro-lab's own script; public API and this run's own log)
key,value
T1_n_cell_types,98
T2_n_features,6639
T3_n_features_used,5645
T4_n_genes_input,18950
== git status --porcelain inside the clone after the run (empty means untouched):
