
                    oooo  oooo      .                           o8o               .
                     888   888    .o8                           `"'             .o8
 .ooooo.   .ooooo.   888   888  .o888oo oooo    ooo oo.ooooo.  oooo   .oooo.o .o888oo
d88'  "Y8 d88   88b  888   888    888     88.  .8    888   88b  888  d88(  "8   888
888       888ooo888  888   888    888      88..8     888   888  888  `"Y88b.    888
888   .o8 888    .o  888   888    888 .    `888'     888   888  888  o.  )88b   888 .
 Y8bod8P  `Y8bod8P' o888o o888o   "888"     .8'      888bod8P' o888o 8""888P'   "888"
                                        .o..P'       888
                                        `Y8P'       o888o             @Teichmann lab
⚙️ Configuration:
	🛠️ indata: /work/data/celltypist/demo_2000_cells.h5ad
	🛠️ model: /work/data/celltypist/Immune_All_Low.pkl
	🛠️ transpose-input: False
	🛠️ gene-file: None
	🛠️ cell-file: None
	🛠️ mode: best_match
	🛠️ p-thres: 0.5
	🛠️ majority-voting: False
	🛠️ outdir: /work/out/
	🛠️ prefix: 
	🛠️ xlsx: False
	🛠️ plot-results: False
	🛠️ quiet: False
📁 Input file is '/work/data/celltypist/demo_2000_cells.h5ad'
⏳ Loading data
🔬 Input data has 2000 cells and 18950 genes
🔗 Matching reference genes in the model
🧬 5645 features used for prediction
⚖️ Scaling input data
🖋️ Predicting labels
✅ Prediction done!
